User@idea-PC MINGW64 /c
$ clear


User@idea-PC MINGW64 /c
$ run docker --version
bash: run: command not found

User@idea-PC MINGW64 /c
$ pwd
/c

User@idea-PC MINGW64 /c
$ docker --version
Docker version 19.03.1, build 74b1e89e8a

User@idea-PC MINGW64 /c
$ clear


User@idea-PC MINGW64 /c
$ docker --version
Docker version 19.03.1, build 74b1e89e8a

User@idea-PC MINGW64 /c
$ docker info
Client:
 Debug Mode: false

Server:
 Containers: 17
  Running: 0
  Paused: 0
  Stopped: 17
 Images: 23
 Server Version: 18.09.9
 Storage Driver: overlay2
  Backing Filesystem: extfs
  Supports d_type: true
  Native Overlay Diff: true
 Logging Driver: json-file
 Cgroup Driver: cgroupfs
 Plugins:
  Volume: local
  Network: bridge host macvlan null overlay
  Log: awslogs fluentd gcplogs gelf journald json-file local logentries splunk s
yslog
 Swarm: inactive
 Runtimes: runc
 Default Runtime: runc
 Init Binary: docker-init
 containerd version: 894b81a4b802e4eb2a91d1ce216b8817763c29fb
 runc version: 425e105d5a03fabd737a126ad93d62a9eeede87f
 init version: fec3683
 Security Options:
  seccomp
   Profile: default
 Kernel Version: 4.14.141-boot2docker
 Operating System: Boot2Docker 18.09.9 (TCL 8.2.1)
 OSType: linux
 Architecture: x86_64
 CPUs: 1
 Total Memory: 989.4MiB
 Name: default
 ID: GLGC:NVOQ:VKFK:E645:KQUO:5DZL:G3D3:YI2X:BVC6:276M:J6FM:UW4M
 Docker Root Dir: /mnt/sda1/var/lib/docker
 Debug Mode: false
 Username: njit2019
 Registry: https://index.docker.io/v1/
 Labels:
  provider=virtualbox
 Experimental: false
 Insecure Registries:
  127.0.0.0/8
 Live Restore Enabled: false
 Product License: Community Engine


User@idea-PC MINGW64 /c
$ docker run hello-world

Hello from Docker!
This message shows that your installation appears to be working correctly.

To generate this message, Docker took the following steps:
 1. The Docker client contacted the Docker daemon.
 2. The Docker daemon pulled the "hello-world" image from the Docker Hub.
    (amd64)
 3. The Docker daemon created a new container from that image which runs the
    executable that produces the output you are currently reading.
 4. The Docker daemon streamed that output to the Docker client, which sent it
    to your terminal.

To try something more ambitious, you can run an Ubuntu container with:
 $ docker run -it ubuntu bash

Share images, automate workflows, and more with a free Docker ID:
 https://hub.docker.com/

For more examples and ideas, visit:
 https://docs.docker.com/get-started/


User@idea-PC MINGW64 /c
$ docker image ls
REPOSITORY                         TAG                 IMAGE ID            CREAT
ED             SIZE
dockerhomework                     latest              eb57d2c0dddd        8 day
s ago          148MB
friendlyhello                      latest              2422893e453b        8 day
s ago          148MB
shellynj/docker_assign_part1_2_3   latest              2422893e453b        8 day
s ago          148MB
<none>                             <none>              1537197a2512        8 day
s ago          148MB
michelletest                       latest              c1c2733306a0        2 wee
ks ago         148MB
python-barcode                     latest              c1c2733306a0        2 wee
ks ago         148MB
njit2019/firsttest                 latest              c1c2733306a0        2 wee
ks ago         148MB
python                             2.7-slim            f462855313cd        3 wee
ks ago         137MB
hello-world                        latest              fce289e99eb9        9 mon
ths ago        1.84kB

User@idea-PC MINGW64 /c
$ docker container ls --all
CONTAINER ID        IMAGE                       COMMAND             CREATED
         STATUS                          PORTS               NAMES
1b245f2f2719        hello-world                 "/hello"            About a minu
te ago   Exited (0) About a minute ago                       hungry_poincare
3616c3f18fc1        dockerhomework              "python app.py"     8 days ago
         Exited (137) 8 days ago                             eloquent_kapitsa
5e9813ab3c43        friendlyhello               "python app.py"     8 days ago
         Exited (137) 8 days ago                             jovial_hawking
ab1cabb8c245        friendlyhello               "python app.py"     8 days ago
         Exited (137) 8 days ago                             jovial_sammet
8cf9e1f9f4ec        friendlyhello               "python app.py"     8 days ago
         Created                                             affectionate_dubins
ky
7d54bff8b05c        friendlyhello               "python app.py"     8 days ago
         Created                                             pedantic_tesla
cca9f8b46ec4        friendlyhello               "python app.py"     8 days ago
         Exited (137) 8 days ago                             lucid_hodgkin
d214cd4e1ff9        friendlyhello               "python app.py"     8 days ago
         Created                                             dazzling_curie
3252f6a6ca08        friendlyhello               "python app.py"     8 days ago
         Exited (137) 8 days ago                             quizzical_vaughan
c093cb8d8a20        njit2019/firsttest:latest   "python app.py"     2 weeks ago
         Exited (137) 8 days ago                             pedantic_lichterman
16d2928e5dc9        michelletest                "python app.py"     2 weeks ago
         Exited (137) 2 weeks ago                            brave_fermi
d8baa6ea79e5        michelletest                "python app.py"     2 weeks ago
         Exited (137) 2 weeks ago                            happy_hawking
bffb8525e032        hello-world                 "/hello"            2 weeks ago
         Exited (0) 2 weeks ago                              wizardly_jepsen
e95830f74c22        hello-world                 "/hello"            2 weeks ago
         Exited (0) 2 weeks ago                              priceless_ishizaka
d2c7fe9cfc2e        c1c2733306a0                "python app.py"     2 weeks ago
         Created                                             silly_agnesi
0e87a8a6e50a        python-barcode              "python app.py"     2 weeks ago
         Exited (137) 2 weeks ago                            brave_davinci
31e054c94125        c1c2733306a0                "python app.py"     2 weeks ago
         Exited (137) 2 weeks ago                            gracious_hopper
f78a4bcb7722        hello-world                 "/hello"            2 weeks ago
         Exited (0) 2 weeks ago                              gallant_swartz

User@idea-PC MINGW64 /c
$
